// Jest Snapshot v1, https://goo.gl/fbAQLP

exports[`Link renders correctly 1`] = `
<div
  className="ThemeProvider__Base-sc-1rk52n4-0 emGfPA"
>
  <label
    className="Label__LabelElement-u5wfo1-0 cOOeVN"
    htmlFor="cabinClass"
  >
    Cabin Class
  </label>
  <div
    className="Box__BoxElement-sc-1iw4lg9-0 gOkXjB Select__StyledBox-sc-1fp3wv9-1 AldyR"
  >
    <select
      className="Select__SelectElement-sc-1fp3wv9-0 jtcsP"
      defaultValue="Premium Economy"
      id="cabinClass"
      name="cabinClass"
    >
      <option>
        Economy
      </option>
      <option>
        Premium Economy
      </option>
      <option>
        Business
      </option>
      <option>
        First Class
      </option>
      <option>
        With a super long label that doesn't get clobbered by the chevron
      </option>
    </select>
    <svg
      className="Icon-y3r77h-0 Select__ClickableIcon-sc-1fp3wv9-2 hDJeva"
      dangerouslySetInnerHTML={
        Object {
          "__html": "<path d=\\"M7 10l5 5l5-5H7z\\" fill=\\"#000\\"/>",
        }
      }
      focusable={false}
      height="24"
      preserveAspectRatio="xMidYMid meet"
      style={
        Object {
          "transform": "rotate(360deg)",
          "verticalAlign": "-0.125em",
        }
      }
      viewBox="0 0 24 24"
      width="24"
      xmlns="http://www.w3.org/2000/svg"
    />
  </div>
</div>
`;
